// Jest Snapshot v1, https://goo.gl/fbAQLP

exports[`screen: TransactionDetails/MsgCreateAddress matches snapshot 1`] = `
<p
  className="MuiTypography-root MuiTypography-body1"
>
  message_contents:txCreateAddress
</p>
`;
