// Jest Snapshot v1, https://goo.gl/fbAQLP

exports[`Component: Nav it renders 1`] = `null`;
